// Jest Snapshot v1, https://goo.gl/fbAQLP

exports[`DeviceSelection render should render component 1`] = `
<div
  className="device-selection"
>
  No Midi devices found.
</div>
`;
